
> chifa-frontend@0.0.0 build
> ng build

[33mÔØ»[39m Building...
[32mÔ£ö[39m Building...
Application bundle generation failed. [15.273 seconds] - 2026-03-09T04:41:11.155Z

node.exe : [1m[31m[31mX 
[41;31m[[41;97mERROR[41;31m][0m [1mTS2339: 
Property 'getResumenActual' does not exist on 
type 'CajaService'.[0m [1m[35m[plugin 
angular-compiler][0m
En línea: 1 Carácter: 1
+ & "C:\Program Files\nodejs/node.exe" 
"C:\Users\Angelo\AppData\Roaming ...
+ ~~~~~~~~~~~~~~~~~~~~~~~~~~~~~~~~~~~~~~~~~~~~~~~
~~~~~~~~~~~~~~~~~~~~~~
    + CategoryInfo          : NotSpecified: ([1 
   m[31m[31mX...r-compiler][0m:String) [], R  
  emoteException
    + FullyQualifiedErrorId : NativeCommandError
 

    src/app/features/admin/caja/caja-list/caja-li
st.ts:26:21:
[37m      26 Ôöé     this.cajaService.[32mgetRe
sumenActual[37m().subscribe({
         ÔòÁ                      
[32m~~~~~~~~~~~~~~~~[0m


[31mX [41;31m[[41;97mERROR[41;31m][0m 
[1mTS7006: Parameter 'err' implicitly has an 
'any' type.[0m [1m[35m[plugin 
angular-compiler][0m

    src/app/features/admin/caja/caja-list/caja-li
st.ts:43:14:
[37m      43 Ôöé       error: ([32merr[37m) 
=> {
         ÔòÁ               [32m~~~[0m

[39m[22m
